Flutter crash report.
Please report a bug at https://github.com/flutter/flutter/issues.

## command

flutter pub get --no-example

## exception

PathNotFoundException: PathNotFoundException: Cannot create link, path = '/Users/lincolnquick/projects/fitmomentum/windows/flutter/ephemeral/.plugin_symlinks/device_info_plus' (OS Error: No such file or directory, errno = 2)

```
#0      _Link.throwIfError (dart:io/link.dart:358:7)
#1      _Link.createSync (dart:io/link.dart:276:5)
#2      ForwardingLink.createSync (package:file/src/forwarding/forwarding_link.dart:20:16)
#3      ForwardingLink.createSync (package:file/src/forwarding/forwarding_link.dart:20:16)
#4      _createPlatformPluginSymlinks (package:flutter_tools/src/flutter_plugins.dart:1143:12)
#5      createPluginSymlinks (package:flutter_tools/src/flutter_plugins.dart:1060:5)
#6      refreshPluginsList (package:flutter_tools/src/flutter_plugins.dart:1192:5)
<asynchronous suspension>
#7      FlutterProject.ensureReadyForPlatformSpecificTooling (package:flutter_tools/src/project.dart:376:5)
<asynchronous suspension>
#8      PackagesGetCommand.runCommand (package:flutter_tools/src/commands/packages.dart:395:9)
<asynchronous suspension>
#9      FlutterCommand.run.<anonymous closure> (package:flutter_tools/src/runner/flutter_command.dart:1581:27)
<asynchronous suspension>
#10     AppContext.run.<anonymous closure> (package:flutter_tools/src/base/context.dart:154:19)
<asynchronous suspension>
#11     CommandRunner.runCommand (package:args/command_runner.dart:212:13)
<asynchronous suspension>
#12     FlutterCommandRunner.runCommand.<anonymous closure> (package:flutter_tools/src/runner/flutter_command_runner.dart:503:9)
<asynchronous suspension>
#13     AppContext.run.<anonymous closure> (package:flutter_tools/src/base/context.dart:154:19)
<asynchronous suspension>
#14     FlutterCommandRunner.runCommand (package:flutter_tools/src/runner/flutter_command_runner.dart:438:5)
<asynchronous suspension>
#15     run.<anonymous closure>.<anonymous closure> (package:flutter_tools/runner.dart:98:11)
<asynchronous suspension>
#16     AppContext.run.<anonymous closure> (package:flutter_tools/src/base/context.dart:154:19)
<asynchronous suspension>
#17     main (package:flutter_tools/executable.dart:101:3)
<asynchronous suspension>
```

## flutter doctor

```
[✓] Flutter (Channel stable, 3.35.3, on macOS 15.6.1 24G90 darwin-arm64, locale en-US) [648ms]
    • Flutter version 3.35.3 on channel stable at /Users/lincolnquick/development/flutter
    • Upstream repository https://github.com/flutter/flutter.git
    • Framework revision a402d9a437 (6 days ago), 2025-09-03 14:54:31 -0700
    • Engine revision ddf47dd3ff
    • Dart version 3.9.2
    • DevTools version 2.48.0
    • Feature flags: enable-web, enable-linux-desktop, enable-macos-desktop, enable-windows-desktop, enable-android, enable-ios, cli-animations, enable-lldb-debugging

[✓] Android toolchain - develop for Android devices (Android SDK version 36.1.0-rc1) [6.5s]
    • Android SDK at /Users/lincolnquick/Library/Android/sdk
    • Emulator version 36.1.9.0 (build_id 13823996) (CL:N/A)
    • Platform android-36, build-tools 36.1.0-rc1
    • ANDROID_SDK_ROOT = /Users/lincolnquick/Library/Android/sdk
    • Java binary at: /Applications/Android Studio.app/Contents/jbr/Contents/Home/bin/java
      This is the JDK bundled with the latest Android Studio installation on this machine.
      To manually set the JDK path, use: `flutter config --jdk-dir="path/to/jdk"`.
    • Java version OpenJDK Runtime Environment (build 21.0.7+-13880790-b1038.58)
    • All Android licenses accepted.

[✓] Xcode - develop for iOS and macOS (Xcode 16.4) [3.1s]
    • Xcode at /Applications/Xcode.app/Contents/Developer
    • Build 16F6
    • CocoaPods version 1.16.2

[✓] Chrome - develop for the web [17ms]
    • Chrome at /Applications/Google Chrome.app/Contents/MacOS/Google Chrome

[✓] Android Studio (version 2025.1) [16ms]
    • Android Studio at /Applications/Android Studio.app/Contents
    • Flutter plugin can be installed from:
      🔨 https://plugins.jetbrains.com/plugin/9212-flutter
    • Dart plugin can be installed from:
      🔨 https://plugins.jetbrains.com/plugin/6351-dart
    • Java version OpenJDK Runtime Environment (build 21.0.7+-13880790-b1038.58)

[✓] VS Code (version 1.103.2) [14ms]
    • VS Code at /Applications/Visual Studio Code.app/Contents
    • Flutter extension version 3.118.0

[✓] Connected device (4 available) [10.2s]
    • Lincoln’s iPhone 15 Pro Max (wireless) (mobile) • 00008130-001231021461001C            • ios            • iOS 18.6.2 22G100
    • iPhone 16 Plus (mobile)                         • 95CBDB07-88EB-4ED3-ACF7-135831B7A7FC • ios            • com.apple.CoreSimulator.SimRuntime.iOS-18-6 (simulator)
    • macOS (desktop)                                 • macos                                • darwin-arm64   • macOS 15.6.1 24G90 darwin-arm64
    • Chrome (web)                                    • chrome                               • web-javascript • Google Chrome 139.0.7258.157

[✓] Network resources [394ms]
    • All expected network resources are available.

• No issues found!
```
